// Jest Snapshot v1, https://goo.gl/fbAQLP

exports[`<LanguageScreen /> should match snapshot 1`] = `
<View
  collapsable={false}
  pointerEvents="box-none"
  style={
    Object {
      "flex": 1,
    }
  }
>
  <View
    style={
      Array [
        Object {
          "flex": 1,
        },
        undefined,
      ]
    }
  >
    <RNSScreenStack
      style={
        Object {
          "flex": 1,
        }
      }
    >
      <RNSScreen
        collapsable={false}
        forwardedRef={[Function]}
        onAppear={[Function]}
        onDisappear={[Function]}
        onDismissed={[Function]}
        onTransitionProgress={[Function]}
        onWillDisappear={[Function]}
        replaceAnimation="push"
        stackPresentation="push"
        style={
          Object {
            "bottom": 0,
            "left": 0,
            "position": "absolute",
            "right": 0,
            "top": 0,
          }
        }
      >
        <RNSScreenStackHeaderConfig
          backButtonInCustomView={false}
          backgroundColor="rgb(255, 255, 255)"
          color="rgb(0, 122, 255)"
          direction="ltr"
          disableBackButtonMenu={false}
          hidden={false}
          hideBackButton={false}
          largeTitleHideShadow={false}
          title="MockedScreen"
          titleColor="rgb(28, 28, 30)"
          topInsetEnabled={false}
          translucent={false}
        />
        <View
          style={
            Array [
              Object {
                "flex": 1,
              },
              Object {
                "backgroundColor": "rgb(242, 242, 242)",
              },
              undefined,
            ]
          }
        >
          <View
            style={
              Array [
                Object {
                  "alignItems": "center",
                  "backgroundColor": "#101820",
                  "flexBasis": 0,
                  "flexDirection": "column",
                  "flexGrow": 1,
                  "flexShrink": 1,
                  "justifyContent": "center",
                },
              ]
            }
          >
            <View
              style={
                Array [
                  Object {
                    "alignItems": "center",
                    "justifyContent": "center",
                    "paddingBottom": 0,
                    "paddingLeft": 24,
                    "paddingRight": 24,
                    "paddingTop": 0,
                  },
                ]
              }
            >
              <View
                style={
                  Array [
                    Object {
                      "backgroundColor": "#CCCCCC",
                      "borderRadius": 150,
                      "height": 232,
                      "width": 232,
                    },
                  ]
                }
              />
              <View
                style={
                  Array [
                    Object {
                      "marginBottom": 50,
                      "marginTop": 80,
                    },
                  ]
                }
              >
                <Text
                  style={
                    Array [
                      Object {
                        "color": "#FFB81C",
                        "fontSize": 32,
                      },
                    ]
                  }
                >
                  Select your Language
                </Text>
              </View>
              <View
                accessible={true}
                collapsable={false}
                focusable={true}
                onClick={[Function]}
                onResponderGrant={[Function]}
                onResponderMove={[Function]}
                onResponderRelease={[Function]}
                onResponderTerminate={[Function]}
                onResponderTerminationRequest={[Function]}
                onStartShouldSetResponder={[Function]}
                style={
                  Object {
                    "opacity": 1,
                    "width": "100%",
                  }
                }
                testID="input-select-container"
              >
                <View
                  style={
                    Array [
                      Object {
                        "alignItems": "center",
                        "borderColor": "#CCCCCC",
                        "borderRadius": 4,
                        "borderWidth": 1,
                        "flexDirection": "row",
                        "height": 58,
                        "paddingBottom": 16,
                        "paddingLeft": 16,
                        "paddingRight": 16,
                        "paddingTop": 16,
                      },
                    ]
                  }
                >
                  <View
                    style={
                      Array [
                        Object {
                          "width": "95%",
                        },
                      ]
                    }
                  >
                    <Text
                      color="#CCCCCC"
                      style={
                        Array [
                          Object {
                            "color": "#CCCCCC",
                            "fontSize": 16,
                          },
                        ]
                      }
                    >
                      English
                    </Text>
                  </View>
                  <
                    height={16}
                    style={
                      Array [
                        Object {},
                      ]
                    }
                    width={10}
                  />
                </View>
              </View>
            </View>
            <View
              style={
                Array [
                  Object {
                    "marginBottom": 16,
                    "marginLeft": 16,
                    "marginRight": 16,
                    "marginTop": 16,
                    "paddingBottom": 0,
                    "paddingLeft": 28,
                    "paddingRight": 28,
                    "paddingTop": 0,
                    "width": "100%",
                  },
                ]
              }
            >
              <View
                collapsable={false}
                style={
                  Object {
                    "backgroundColor": "#FFB81C",
                    "borderColor": "transparent",
                    "borderRadius": 0,
                    "borderStyle": "solid",
                    "borderWidth": 0,
                    "elevation": 2,
                    "minWidth": 64,
                    "shadowColor": "#000000",
                    "shadowOffset": Object {
                      "height": 0.75,
                      "width": 0,
                    },
                    "shadowOpacity": 0.24,
                    "shadowRadius": 1.5,
                  }
                }
              >
                <View
                  accessibilityRole="button"
                  accessibilityState={
                    Object {
                      "disabled": false,
                    }
                  }
                  accessible={true}
                  focusable={true}
                  onClick={[Function]}
                  onResponderGrant={[Function]}
                  onResponderMove={[Function]}
                  onResponderRelease={[Function]}
                  onResponderTerminate={[Function]}
                  onResponderTerminationRequest={[Function]}
                  onStartShouldSetResponder={[Function]}
                  style={
                    Array [
                      Object {
                        "overflow": "hidden",
                      },
                      Object {
                        "borderRadius": 4,
                      },
                    ]
                  }
                  testID="button-contained"
                >
                  <View
                    style={
                      Array [
                        Object {
                          "alignItems": "center",
                          "flexDirection": "row",
                          "justifyContent": "center",
                        },
                        Object {
                          "backgroundColor": "#FFB81C",
                          "height": 64,
                        },
                      ]
                    }
                  >
                    <Text
                      numberOfLines={1}
                      selectable={false}
                      style={
                        Array [
                          Object {
                            "color": "#000",
                            "fontFamily": "System",
                            "fontSize": 16,
                            "fontWeight": "400",
                          },
                          Object {
                            "textAlign": "left",
                          },
                          Array [
                            Object {
                              "letterSpacing": 1,
                              "marginHorizontal": 16,
                              "marginVertical": 9,
                              "textAlign": "center",
                            },
                            undefined,
                            false,
                            Object {
                              "color": "#000000",
                              "fontFamily": "System",
                              "fontSize": 16,
                              "fontWeight": "500",
                            },
                            Object {
                              "fontFamily": "System",
                              "fontSize": 16,
                              "fontWeight": "500",
                            },
                            Object {
                              "color": "#101820",
                              "fontWeight": "bold",
                            },
                          ],
                        ]
                      }
                    >
                      <Text
                        color="#101820"
                        style={
                          Array [
                            Object {
                              "color": "#101820",
                              "fontSize": 16,
                            },
                          ]
                        }
                      >
                        Continue
                      </Text>
                    </Text>
                  </View>
                </View>
              </View>
            </View>
            <View
              safeArea={0}
              style={
                Array [
                  Object {
                    "backgroundColor": "#FFFFFF",
                    "borderTopLeftRadius": 16,
                    "borderTopRightRadius": 16,
                    "elevation": 2,
                    "height": 1314,
                    "position": "absolute",
                    "shadowOpacity": 0.2,
                    "width": "100%",
                  },
                  Object {
                    "bottom": -1334,
                  },
                ]
              }
              testID="bottomsheet-animated-container"
            >
              <View
                style={
                  Array [
                    Object {
                      "alignItems": "center",
                      "backgroundColor": "#F7F8F7",
                      "borderRadius": 100,
                      "height": 6,
                      "marginBottom": 10,
                      "marginLeft": "auto",
                      "marginRight": "auto",
                      "marginTop": 10,
                      "width": 82,
                    },
                  ]
                }
                testID="bottomsheet-animated-header"
              />
            </View>
          </View>
        </View>
      </RNSScreen>
    </RNSScreenStack>
  </View>
</View>
`;
