// Jest Snapshot v1, https://goo.gl/fbAQLP

exports[`<BottomSheet /> should match snapshot 1`] = `
<View
  collapsable={false}
  pointerEvents="box-none"
  style={
    Object {
      "flex": 1,
    }
  }
>
  <View
    safeArea={0}
    style={
      Array [
        Object {
          "backgroundColor": "#FFFFFF",
          "borderTopLeftRadius": 16,
          "borderTopRightRadius": 16,
          "elevation": 2,
          "height": 1284,
          "position": "absolute",
          "shadowOpacity": 0.2,
          "width": "100%",
        },
        Object {
          "bottom": -1334,
        },
      ]
    }
    testID="bottomsheet-animated-container"
  >
    <View
      style={
        Array [
          Object {
            "alignItems": "center",
            "backgroundColor": "#F7F8F7",
            "borderRadius": 100,
            "height": 6,
            "marginBottom": 10,
            "marginLeft": "auto",
            "marginRight": "auto",
            "marginTop": 10,
            "width": 82,
          },
        ]
      }
      testID="bottomsheet-animated-header"
    />
  </View>
</View>
`;
