// Jest Snapshot v1, https://goo.gl/fbAQLP

exports[`<BottomSheetSelection /> should match snapshot 1`] = `
<View
  collapsable={false}
  pointerEvents="box-none"
  style={
    Object {
      "flex": 1,
    }
  }
>
  <View
    safeArea={0}
    style={
      Array [
        Object {
          "backgroundColor": "#FFFFFF",
          "borderTopLeftRadius": 16,
          "borderTopRightRadius": 16,
          "elevation": 2,
          "height": 1284,
          "position": "absolute",
          "shadowOpacity": 0.2,
          "width": "100%",
        },
        Object {
          "bottom": -1334,
        },
      ]
    }
    testID="bottomsheet-animated-container"
  >
    <View
      style={
        Array [
          Object {
            "alignItems": "center",
            "backgroundColor": "#F7F8F7",
            "borderRadius": 100,
            "height": 6,
            "marginBottom": 10,
            "marginLeft": "auto",
            "marginRight": "auto",
            "marginTop": 10,
            "width": 82,
          },
        ]
      }
      testID="bottomsheet-animated-header"
    />
    <View
      style={
        Array [
          Object {
            "paddingBottom": 0,
            "paddingLeft": 24,
            "paddingRight": 24,
            "paddingTop": 0,
          },
        ]
      }
    >
      <View
        style={
          Array [
            Object {
              "alignItems": "flex-start",
              "flexDirection": "column",
              "justifyContent": "center",
            },
          ]
        }
      >
        <View
          style={
            Array [
              Object {
                "backgroundColor": "rgb(231, 234, 231)",
                "borderTopLeftRadius": 4,
                "borderTopRightRadius": 4,
              },
              Object {
                "backgroundColor": "#FFFFFF",
                "borderColor": "#000",
                "borderRadius": 4,
                "borderStyle": "solid",
                "borderWidth": 1,
                "marginTop": 8,
                "width": "100%",
              },
            ]
          }
        >
          <View
            collapsable={false}
            style={
              Object {
                "backgroundColor": "transparent",
                "bottom": 0,
                "height": 2,
                "left": 0,
                "position": "absolute",
                "right": 0,
                "transform": Array [
                  Object {
                    "scaleY": 0.5,
                  },
                ],
                "zIndex": 1,
              }
            }
          />
          <View
            style={
              Array [
                Object {
                  "paddingBottom": 0,
                  "paddingTop": 0,
                },
                Object {
                  "minHeight": 62,
                },
              ]
            }
          >
            <TextInput
              autoCapitalize="none"
              autoCorrect={false}
              blurOnSubmit={false}
              editable={true}
              maxFontSizeMultiplier={1.5}
              multiline={false}
              onBlur={[Function]}
              onChangeText={[Function]}
              onFocus={[Function]}
              placeholder="Search"
              placeholderTextColor="#707070"
              selectionColor="#FFB81C"
              style={
                Array [
                  Object {
                    "flexGrow": 1,
                    "margin": 0,
                  },
                  Object {
                    "paddingLeft": 44,
                    "paddingRight": 12,
                  },
                  Object {
                    "height": 62,
                  },
                  Object {
                    "paddingBottom": 0,
                    "paddingTop": 0,
                  },
                  Object {
                    "color": "#000",
                    "fontFamily": "System",
                    "fontSize": 16,
                    "fontWeight": undefined,
                    "textAlign": "left",
                    "textAlignVertical": "center",
                  },
                  false,
                  Object {
                    "marginLeft": 36,
                    "paddingLeft": 8,
                  },
                ]
              }
              testID="search-input"
              underlineColorAndroid="transparent"
            />
          </View>
          <View
            style={
              Array [
                Object {
                  "alignItems": "center",
                  "height": 24,
                  "justifyContent": "center",
                  "position": "absolute",
                  "width": 24,
                },
                Object {
                  "left": 12,
                  "top": 19,
                },
              ]
            }
          >
            <View
              accessibilityRole="button"
              accessibilityState={
                Object {
                  "disabled": false,
                }
              }
              accessible={true}
              focusable={true}
              hitSlop={
                Object {
                  "bottom": 6,
                  "left": 6,
                  "right": 6,
                  "top": 6,
                }
              }
              onClick={[Function]}
              onResponderGrant={[Function]}
              onResponderMove={[Function]}
              onResponderRelease={[Function]}
              onResponderTerminate={[Function]}
              onResponderTerminationRequest={[Function]}
              onStartShouldSetResponder={[Function]}
              style={
                Array [
                  Object {
                    "overflow": "hidden",
                  },
                  Array [
                    Object {
                      "alignItems": "center",
                      "justifyContent": "center",
                      "margin": 6,
                      "overflow": "hidden",
                    },
                    Object {
                      "borderRadius": 18,
                      "height": 36,
                      "width": 36,
                    },
                    undefined,
                    Object {
                      "margin": 0,
                    },
                  ],
                ]
              }
            >
              <View>
                <Text />
              </View>
            </View>
          </View>
        </View>
        <Text
          color="#E02020"
          style={
            Array [
              Object {
                "color": "#E02020",
                "fontSize": 16,
              },
            ]
          }
          testID="search-input-error"
        >
          
        </Text>
      </View>
      <RCTScrollView
        data={
          Array [
            Object {
              "key": "1",
              "value": "teste",
            },
          ]
        }
        getItem={[Function]}
        getItemCount={[Function]}
        keyExtractor={[Function]}
        onContentSizeChange={[Function]}
        onLayout={[Function]}
        onMomentumScrollBegin={[Function]}
        onMomentumScrollEnd={[Function]}
        onScroll={[Function]}
        onScrollBeginDrag={[Function]}
        onScrollEndDrag={[Function]}
        removeClippedSubviews={true}
        renderItem={[Function]}
        scrollEventThrottle={50}
        stickyHeaderIndices={Array []}
        testID="list-select-flatlist"
        viewabilityConfigCallbackPairs={Array []}
      >
        <View>
          <View
            onLayout={[Function]}
            style={null}
          >
            <View>
              <View
                accessibilityState={
                  Object {
                    "disabled": false,
                  }
                }
                accessible={true}
                focusable={true}
                onClick={[Function]}
                onResponderGrant={[Function]}
                onResponderMove={[Function]}
                onResponderRelease={[Function]}
                onResponderTerminate={[Function]}
                onResponderTerminationRequest={[Function]}
                onStartShouldSetResponder={[Function]}
                style={
                  Array [
                    false,
                    Array [
                      Object {
                        "padding": 8,
                      },
                      undefined,
                    ],
                  ]
                }
                testID="list-item-1"
              >
                <View
                  style={
                    Object {
                      "flexDirection": "row",
                    }
                  }
                >
                  <View
                    style={
                      Array [
                        Object {
                          "marginVertical": 6,
                          "paddingLeft": 8,
                        },
                        Object {
                          "flex": 1,
                          "justifyContent": "center",
                        },
                      ]
                    }
                  >
                    <Text
                      numberOfLines={1}
                      selectable={false}
                      style={
                        Array [
                          Object {
                            "color": "#000",
                            "fontFamily": "System",
                            "fontSize": 16,
                            "fontWeight": "400",
                          },
                          Object {
                            "textAlign": "left",
                          },
                          Array [
                            Object {
                              "fontSize": 16,
                            },
                            Object {
                              "color": "rgba(0, 0, 0, 0.87)",
                            },
                            undefined,
                          ],
                        ]
                      }
                    >
                      teste
                    </Text>
                  </View>
                </View>
              </View>
              <View
                style={
                  Array [
                    Object {
                      "backgroundColor": "rgba(0, 0, 0, 0.12)",
                      "height": 0.5,
                    },
                    undefined,
                    undefined,
                  ]
                }
              />
            </View>
          </View>
        </View>
      </RCTScrollView>
    </View>
  </View>
</View>
`;
