// Jest Snapshot v1, https://goo.gl/fbAQLP

exports[`<ConfigScreen /> should match snapshot 1`] = `
<View
  collapsable={false}
  pointerEvents="box-none"
  style={
    Object {
      "flex": 1,
    }
  }
>
  <RNCSafeAreaProvider
    onInsetsChange={[Function]}
    style={
      Array [
        Object {
          "flex": 1,
        },
        undefined,
      ]
    }
  >
    <RNSScreenStack
      style={
        Object {
          "flex": 1,
        }
      }
    >
      <RNSScreen
        collapsable={false}
        forwardedRef={[Function]}
        onAppear={[Function]}
        onDisappear={[Function]}
        onDismissed={[Function]}
        onTransitionProgress={[Function]}
        onWillDisappear={[Function]}
        replaceAnimation="push"
        stackPresentation="push"
        style={
          Object {
            "bottom": 0,
            "left": 0,
            "position": "absolute",
            "right": 0,
            "top": 0,
          }
        }
      >
        <RNSScreenStackHeaderConfig
          backButtonInCustomView={false}
          backgroundColor="rgb(255, 255, 255)"
          color="rgb(0, 122, 255)"
          direction="ltr"
          disableBackButtonMenu={false}
          hidden={false}
          hideBackButton={false}
          largeTitleHideShadow={false}
          title="MockedScreen"
          titleColor="rgb(28, 28, 30)"
          topInsetEnabled={false}
          translucent={false}
        />
        <View
          style={
            Array [
              Object {
                "flex": 1,
              },
              Object {
                "backgroundColor": "rgb(242, 242, 242)",
              },
              undefined,
            ]
          }
        >
          <View
            style={
              Array [
                Object {
                  "backgroundColor": "#FFB81C",
                },
              ]
            }
          >
            <Text>
              ConfigScreen
            </Text>
          </View>
        </View>
      </RNSScreen>
    </RNSScreenStack>
  </RNCSafeAreaProvider>
</View>
`;
