// Jest Snapshot v1, https://goo.gl/fbAQLP

exports[`<LoginScreen /> should match snapshot 1`] = `
<View
  collapsable={false}
  pointerEvents="box-none"
  style={
    Object {
      "flex": 1,
    }
  }
>
  <View
    style={
      Array [
        Object {
          "flex": 1,
        },
        undefined,
      ]
    }
  >
    <RNSScreenStack
      style={
        Object {
          "flex": 1,
        }
      }
    >
      <RNSScreen
        collapsable={false}
        forwardedRef={[Function]}
        onAppear={[Function]}
        onDisappear={[Function]}
        onDismissed={[Function]}
        onTransitionProgress={[Function]}
        onWillDisappear={[Function]}
        replaceAnimation="push"
        stackPresentation="push"
        style={
          Object {
            "bottom": 0,
            "left": 0,
            "position": "absolute",
            "right": 0,
            "top": 0,
          }
        }
      >
        <RNSScreenStackHeaderConfig
          backButtonInCustomView={false}
          backgroundColor="rgb(255, 255, 255)"
          color="rgb(0, 122, 255)"
          direction="ltr"
          disableBackButtonMenu={false}
          hidden={false}
          hideBackButton={false}
          largeTitleHideShadow={false}
          title="Enter you email address"
          titleColor="rgb(28, 28, 30)"
          topInsetEnabled={false}
          translucent={false}
        />
        <View
          style={
            Array [
              Object {
                "flex": 1,
              },
              Object {
                "backgroundColor": "rgb(242, 242, 242)",
              },
              undefined,
            ]
          }
        >
          <RNCSafeAreaView
            edges={
              Array [
                "right",
                "left",
                "bottom",
              ]
            }
            style={
              Array [
                Object {
                  "flexBasis": 0,
                  "flexGrow": 1,
                  "flexShrink": 1,
                },
              ]
            }
          >
            <View
              onLayout={[Function]}
              style={
                Array [
                  Array [
                    Object {
                      "flexBasis": 0,
                      "flexGrow": 1,
                      "flexShrink": 1,
                    },
                  ],
                  Object {
                    "paddingBottom": 0,
                  },
                ]
              }
            >
              <View
                style={
                  Array [
                    Object {
                      "flexBasis": 0,
                      "flexGrow": 1,
                      "flexShrink": 1,
                      "justifyContent": "space-between",
                      "marginBottom": 32,
                      "marginTop": 32,
                      "paddingBottom": 0,
                      "paddingLeft": 24,
                      "paddingRight": 24,
                      "paddingTop": 0,
                    },
                  ]
                }
              >
                <View
                  style={
                    Array [
                      Object {
                        "alignItems": "flex-start",
                        "flexDirection": "column",
                        "justifyContent": "center",
                      },
                    ]
                  }
                >
                  <Text
                    color="#000"
                    style={
                      Array [
                        Object {
                          "color": "#000",
                          "fontSize": 16,
                        },
                      ]
                    }
                    testID="email-input-label"
                  >
                    Email
                  </Text>
                  <View
                    style={
                      Array [
                        Object {
                          "backgroundColor": "rgb(231, 234, 231)",
                          "borderTopLeftRadius": 4,
                          "borderTopRightRadius": 4,
                        },
                        Object {
                          "backgroundColor": "#FFFFFF",
                          "borderColor": "#000",
                          "borderRadius": 4,
                          "borderStyle": "solid",
                          "borderWidth": 1,
                          "marginTop": 8,
                          "width": "100%",
                        },
                      ]
                    }
                  >
                    <View
                      collapsable={false}
                      style={
                        Object {
                          "backgroundColor": "transparent",
                          "bottom": 0,
                          "height": 2,
                          "left": 0,
                          "position": "absolute",
                          "right": 0,
                          "transform": Array [
                            Object {
                              "scaleY": 0.5,
                            },
                          ],
                          "zIndex": 1,
                        }
                      }
                    />
                    <View
                      style={
                        Array [
                          Object {
                            "paddingBottom": 0,
                            "paddingTop": 0,
                          },
                          Object {
                            "minHeight": 62,
                          },
                        ]
                      }
                    >
                      <TextInput
                        autoCapitalize="none"
                        autoCorrect={false}
                        blurOnSubmit={false}
                        editable={true}
                        keyboardType="email-address"
                        maxFontSizeMultiplier={1.5}
                        multiline={false}
                        onBlur={[Function]}
                        onChangeText={[Function]}
                        onFocus={[Function]}
                        placeholder="Your email address"
                        placeholderTextColor="#707070"
                        selectionColor="#FFB81C"
                        style={
                          Array [
                            Object {
                              "flexGrow": 1,
                              "margin": 0,
                            },
                            Object {
                              "paddingLeft": 12,
                              "paddingRight": 12,
                            },
                            Object {
                              "height": 62,
                            },
                            Object {
                              "paddingBottom": 0,
                              "paddingTop": 0,
                            },
                            Object {
                              "color": "#000",
                              "fontFamily": "System",
                              "fontSize": 16,
                              "fontWeight": undefined,
                              "textAlign": "left",
                              "textAlignVertical": "center",
                            },
                            false,
                            Array [
                              Object {},
                            ],
                          ]
                        }
                        testID="email-input"
                        textContentType="emailAddress"
                        underlineColorAndroid="transparent"
                        value=""
                      />
                    </View>
                  </View>
                  <Text
                    color="#E02020"
                    style={
                      Array [
                        Object {
                          "color": "#E02020",
                          "fontSize": 16,
                        },
                      ]
                    }
                    testID="email-input-error"
                  >
                    
                  </Text>
                </View>
                <View
                  collapsable={false}
                  style={
                    Object {
                      "backgroundColor": "rgba(0, 0, 0, 0.12)",
                      "borderColor": "transparent",
                      "borderRadius": 0,
                      "borderStyle": "solid",
                      "borderWidth": 0,
                      "elevation": 0,
                      "minWidth": 64,
                      "shadowColor": "#000000",
                      "shadowOffset": Object {
                        "height": 0,
                        "width": 0,
                      },
                      "shadowOpacity": 0,
                      "shadowRadius": 0,
                    }
                  }
                >
                  <View
                    accessibilityRole="button"
                    accessibilityState={
                      Object {
                        "disabled": true,
                      }
                    }
                    accessible={true}
                    focusable={true}
                    onClick={[Function]}
                    onResponderGrant={[Function]}
                    onResponderMove={[Function]}
                    onResponderRelease={[Function]}
                    onResponderTerminate={[Function]}
                    onResponderTerminationRequest={[Function]}
                    onStartShouldSetResponder={[Function]}
                    style={
                      Array [
                        Object {
                          "overflow": "hidden",
                        },
                        Object {
                          "borderRadius": 4,
                        },
                      ]
                    }
                    testID="button-contained"
                  >
                    <View
                      style={
                        Array [
                          Object {
                            "alignItems": "center",
                            "flexDirection": "row",
                            "justifyContent": "center",
                          },
                          Object {
                            "backgroundColor": "#999999",
                            "height": 64,
                          },
                        ]
                      }
                    >
                      <Text
                        numberOfLines={1}
                        selectable={false}
                        style={
                          Array [
                            Object {
                              "color": "#000",
                              "fontFamily": "System",
                              "fontSize": 16,
                              "fontWeight": "400",
                            },
                            Object {
                              "textAlign": "left",
                            },
                            Array [
                              Object {
                                "letterSpacing": 1,
                                "marginHorizontal": 16,
                                "marginVertical": 9,
                                "textAlign": "center",
                              },
                              undefined,
                              false,
                              Object {
                                "color": "rgba(0, 0, 0, 0.32)",
                                "fontFamily": "System",
                                "fontSize": 16,
                                "fontWeight": "500",
                              },
                              Object {
                                "fontFamily": "System",
                                "fontSize": 16,
                                "fontWeight": "500",
                              },
                              Object {
                                "color": "#101820",
                                "fontWeight": "bold",
                              },
                            ],
                          ]
                        }
                      >
                        <Text
                          color="#101820"
                          style={
                            Array [
                              Object {
                                "color": "#101820",
                                "fontSize": 16,
                              },
                            ]
                          }
                          testID="button-contained-text"
                        >
                          Continue
                        </Text>
                      </Text>
                    </View>
                  </View>
                </View>
              </View>
            </View>
          </RNCSafeAreaView>
        </View>
      </RNSScreen>
    </RNSScreenStack>
  </View>
</View>
`;
