// Jest Snapshot v1, https://goo.gl/fbAQLP

exports[`<SignupScreen /> should match snapshot 1`] = `
<View
  collapsable={false}
  pointerEvents="box-none"
  style={
    Object {
      "flex": 1,
    }
  }
>
  <View
    style={
      Array [
        Object {
          "flex": 1,
        },
        undefined,
      ]
    }
  >
    <RNSScreenStack
      style={
        Object {
          "flex": 1,
        }
      }
    >
      <RNSScreen
        collapsable={false}
        forwardedRef={[Function]}
        onAppear={[Function]}
        onDisappear={[Function]}
        onDismissed={[Function]}
        onTransitionProgress={[Function]}
        onWillDisappear={[Function]}
        replaceAnimation="push"
        stackPresentation="push"
        style={
          Object {
            "bottom": 0,
            "left": 0,
            "position": "absolute",
            "right": 0,
            "top": 0,
          }
        }
      >
        <RNSScreenStackHeaderConfig
          backButtonInCustomView={false}
          backgroundColor="rgb(255, 255, 255)"
          color="rgb(0, 122, 255)"
          direction="ltr"
          disableBackButtonMenu={false}
          hidden={false}
          hideBackButton={false}
          largeTitleHideShadow={false}
          title="Your new account"
          titleColor="rgb(28, 28, 30)"
          topInsetEnabled={false}
          translucent={false}
        />
        <View
          style={
            Array [
              Object {
                "flex": 1,
              },
              Object {
                "backgroundColor": "rgb(242, 242, 242)",
              },
              undefined,
            ]
          }
        >
          <RNCSafeAreaView
            edges={
              Array [
                "right",
                "left",
                "bottom",
              ]
            }
            style={
              Array [
                Object {
                  "flexBasis": 0,
                  "flexGrow": 1,
                  "flexShrink": 1,
                },
              ]
            }
          >
            <View
              style={
                Array [
                  Object {
                    "flexBasis": 0,
                    "flexGrow": 1,
                    "flexShrink": 1,
                    "justifyContent": "space-between",
                    "marginBottom": 28,
                    "marginTop": 10,
                    "paddingBottom": 0,
                    "paddingLeft": 24,
                    "paddingRight": 24,
                    "paddingTop": 0,
                  },
                ]
              }
            >
              <View>
                <View
                  style={
                    Array [
                      Object {
                        "marginBottom": 29,
                        "paddingBottom": 0,
                        "paddingLeft": 24,
                        "paddingRight": 24,
                        "paddingTop": 0,
                      },
                    ]
                  }
                >
                  <Text
                    center={true}
                    color="#707070"
                    style={
                      Array [
                        Object {
                          "color": "#707070",
                          "fontSize": 16,
                          "textAlign": "center",
                        },
                      ]
                    }
                    testID="signup-subtitle"
                  >
                    Bacon ipsum dolor amet kielbasa filet mignon biltong hamburger tri-tip sirloin.
                  </Text>
                </View>
                <View
                  accessible={true}
                  collapsable={false}
                  focusable={true}
                  onClick={[Function]}
                  onResponderGrant={[Function]}
                  onResponderMove={[Function]}
                  onResponderRelease={[Function]}
                  onResponderTerminate={[Function]}
                  onResponderTerminationRequest={[Function]}
                  onStartShouldSetResponder={[Function]}
                  style={
                    Object {
                      "opacity": 1,
                      "width": "100%",
                    }
                  }
                  testID="input-select-container"
                >
                  <Text
                    color="#707070"
                    style={
                      Array [
                        Object {
                          "color": "#707070",
                          "fontSize": 16,
                        },
                      ]
                    }
                    testID="input-select-label"
                  >
                    What country do you live in?
                  </Text>
                  <View
                    style={
                      Array [
                        Object {
                          "alignItems": "center",
                          "borderColor": "#CCCCCC",
                          "borderRadius": 4,
                          "borderWidth": 1,
                          "flexDirection": "row",
                          "height": 58,
                          "paddingBottom": 16,
                          "paddingLeft": 16,
                          "paddingRight": 16,
                          "paddingTop": 16,
                        },
                      ]
                    }
                  >
                    <View
                      style={
                        Array [
                          Object {
                            "width": "95%",
                          },
                        ]
                      }
                    >
                      <Text
                        bold={true}
                        color="#707070"
                        style={
                          Array [
                            Object {
                              "color": "#707070",
                              "fontSize": 16,
                              "fontWeight": "bold",
                            },
                          ]
                        }
                        testID="input-select-text"
                      >
                        Select country
                      </Text>
                    </View>
                    <
                      height={16}
                      style={
                        Array [
                          Object {},
                        ]
                      }
                      width={10}
                    />
                  </View>
                </View>
                <View
                  safeArea={0}
                  style={
                    Array [
                      Object {
                        "backgroundColor": "#FFFFFF",
                        "borderTopLeftRadius": 16,
                        "borderTopRightRadius": 16,
                        "elevation": 2,
                        "height": 1284,
                        "position": "absolute",
                        "shadowOpacity": 0.2,
                        "width": "100%",
                      },
                      Object {
                        "bottom": -1334,
                      },
                    ]
                  }
                  testID="bottomsheet-animated-container"
                >
                  <View
                    style={
                      Array [
                        Object {
                          "alignItems": "center",
                          "backgroundColor": "#F7F8F7",
                          "borderRadius": 100,
                          "height": 6,
                          "marginBottom": 10,
                          "marginLeft": "auto",
                          "marginRight": "auto",
                          "marginTop": 10,
                          "width": 82,
                        },
                      ]
                    }
                    testID="bottomsheet-animated-header"
                  />
                </View>
                <View
                  style={
                    Array [
                      Object {
                        "marginTop": 15,
                      },
                    ]
                  }
                >
                  <View
                    accessible={true}
                    collapsable={false}
                    focusable={true}
                    onClick={[Function]}
                    onResponderGrant={[Function]}
                    onResponderMove={[Function]}
                    onResponderRelease={[Function]}
                    onResponderTerminate={[Function]}
                    onResponderTerminationRequest={[Function]}
                    onStartShouldSetResponder={[Function]}
                    style={
                      Object {
                        "opacity": 1,
                        "width": "100%",
                      }
                    }
                    testID="input-select-container"
                  >
                    <Text
                      color="#707070"
                      style={
                        Array [
                          Object {
                            "color": "#707070",
                            "fontSize": 16,
                          },
                        ]
                      }
                      testID="input-select-label"
                    >
                      Which state do you live in?
                    </Text>
                    <View
                      style={
                        Array [
                          Object {
                            "alignItems": "center",
                            "borderColor": "#CCCCCC",
                            "borderRadius": 4,
                            "borderWidth": 1,
                            "flexDirection": "row",
                            "height": 58,
                            "paddingBottom": 16,
                            "paddingLeft": 16,
                            "paddingRight": 16,
                            "paddingTop": 16,
                          },
                        ]
                      }
                    >
                      <View
                        style={
                          Array [
                            Object {
                              "width": "95%",
                            },
                          ]
                        }
                      >
                        <Text
                          bold={true}
                          color="#707070"
                          style={
                            Array [
                              Object {
                                "color": "#707070",
                                "fontSize": 16,
                                "fontWeight": "bold",
                              },
                            ]
                          }
                          testID="input-select-text"
                        >
                          State
                        </Text>
                      </View>
                      <
                        height={16}
                        style={
                          Array [
                            Object {},
                          ]
                        }
                        width={10}
                      />
                    </View>
                  </View>
                  <View
                    safeArea={0}
                    style={
                      Array [
                        Object {
                          "backgroundColor": "#FFFFFF",
                          "borderTopLeftRadius": 16,
                          "borderTopRightRadius": 16,
                          "elevation": 2,
                          "height": 1284,
                          "position": "absolute",
                          "shadowOpacity": 0.2,
                          "width": "100%",
                        },
                        Object {
                          "bottom": -1334,
                        },
                      ]
                    }
                    testID="bottomsheet-animated-container"
                  >
                    <View
                      style={
                        Array [
                          Object {
                            "alignItems": "center",
                            "backgroundColor": "#F7F8F7",
                            "borderRadius": 100,
                            "height": 6,
                            "marginBottom": 10,
                            "marginLeft": "auto",
                            "marginRight": "auto",
                            "marginTop": 10,
                            "width": 82,
                          },
                        ]
                      }
                      testID="bottomsheet-animated-header"
                    />
                  </View>
                </View>
              </View>
              <View
                collapsable={false}
                style={
                  Object {
                    "backgroundColor": "rgba(0, 0, 0, 0.12)",
                    "borderColor": "transparent",
                    "borderRadius": 0,
                    "borderStyle": "solid",
                    "borderWidth": 0,
                    "elevation": 0,
                    "minWidth": 64,
                    "shadowColor": "#000000",
                    "shadowOffset": Object {
                      "height": 0,
                      "width": 0,
                    },
                    "shadowOpacity": 0,
                    "shadowRadius": 0,
                  }
                }
              >
                <View
                  accessibilityRole="button"
                  accessibilityState={
                    Object {
                      "disabled": true,
                    }
                  }
                  accessible={true}
                  focusable={true}
                  onClick={[Function]}
                  onResponderGrant={[Function]}
                  onResponderMove={[Function]}
                  onResponderRelease={[Function]}
                  onResponderTerminate={[Function]}
                  onResponderTerminationRequest={[Function]}
                  onStartShouldSetResponder={[Function]}
                  style={
                    Array [
                      Object {
                        "overflow": "hidden",
                      },
                      Object {
                        "borderRadius": 4,
                      },
                    ]
                  }
                  testID="button-contained"
                >
                  <View
                    style={
                      Array [
                        Object {
                          "alignItems": "center",
                          "flexDirection": "row",
                          "justifyContent": "center",
                        },
                        Object {
                          "backgroundColor": "#999999",
                          "height": 64,
                        },
                      ]
                    }
                  >
                    <Text
                      numberOfLines={1}
                      selectable={false}
                      style={
                        Array [
                          Object {
                            "color": "#000",
                            "fontFamily": "System",
                            "fontSize": 16,
                            "fontWeight": "400",
                          },
                          Object {
                            "textAlign": "left",
                          },
                          Array [
                            Object {
                              "letterSpacing": 1,
                              "marginHorizontal": 16,
                              "marginVertical": 9,
                              "textAlign": "center",
                            },
                            undefined,
                            false,
                            Object {
                              "color": "rgba(0, 0, 0, 0.32)",
                              "fontFamily": "System",
                              "fontSize": 16,
                              "fontWeight": "500",
                            },
                            Object {
                              "fontFamily": "System",
                              "fontSize": 16,
                              "fontWeight": "500",
                            },
                            Object {
                              "color": "#101820",
                              "fontWeight": "bold",
                            },
                          ],
                        ]
                      }
                    >
                      <Text
                        color="#101820"
                        style={
                          Array [
                            Object {
                              "color": "#101820",
                              "fontSize": 16,
                            },
                          ]
                        }
                        testID="button-contained-text"
                      >
                        Continue
                      </Text>
                    </Text>
                  </View>
                </View>
              </View>
            </View>
          </RNCSafeAreaView>
        </View>
      </RNSScreen>
    </RNSScreenStack>
  </View>
</View>
`;
